---
source: cot-cli/tests/snapshot_testing/cli/mod.rs
info:
  program: cot
  args:
    - cli
    - completions
    - bash
---
success: true
exit_code: 0
----- stdout -----
_cot() {
    local i cur prev opts cmd
    COMPREPLY=()
    if [[ "${BASH_VERSINFO[0]}" -ge 4 ]]; then
        cur="$2"
    else
        cur="${COMP_WORDS[COMP_CWORD]}"
    fi
    prev="$3"
    cmd=""
    opts=""

    for i in "${COMP_WORDS[@]:0:COMP_CWORD}"
    do
        case "${cmd},${i}" in
            ",$1")
                cmd="cot"
                ;;
            cot,cli)
                cmd="cot__cli"
                ;;
            cot,help)
                cmd="cot__help"
                ;;
            cot,migration)
                cmd="cot__migration"
                ;;
            cot,new)
                cmd="cot__new"
                ;;
            cot__cli,completions)
                cmd="cot__cli__completions"
                ;;
            cot__cli,help)
                cmd="cot__cli__help"
                ;;
            cot__cli,manpages)
                cmd="cot__cli__manpages"
                ;;
            cot__cli__help,completions)
                cmd="cot__cli__help__completions"
                ;;
            cot__cli__help,help)
                cmd="cot__cli__help__help"
                ;;
            cot__cli__help,manpages)
                cmd="cot__cli__help__manpages"
                ;;
            cot__help,cli)
                cmd="cot__help__cli"
                ;;
            cot__help,help)
                cmd="cot__help__help"
                ;;
            cot__help,migration)
                cmd="cot__help__migration"
                ;;
            cot__help,new)
                cmd="cot__help__new"
                ;;
            cot__help__cli,completions)
                cmd="cot__help__cli__completions"
                ;;
            cot__help__cli,manpages)
                cmd="cot__help__cli__manpages"
                ;;
            cot__help__migration,list)
                cmd="cot__help__migration__list"
                ;;
            cot__help__migration,make)
                cmd="cot__help__migration__make"
                ;;
            cot__migration,help)
                cmd="cot__migration__help"
                ;;
            cot__migration,list)
                cmd="cot__migration__list"
                ;;
            cot__migration,make)
                cmd="cot__migration__make"
                ;;
            cot__migration__help,help)
                cmd="cot__migration__help__help"
                ;;
            cot__migration__help,list)
                cmd="cot__migration__help__list"
                ;;
            cot__migration__help,make)
                cmd="cot__migration__help__make"
                ;;
            *)
                ;;
        esac
    done

    case "${cmd}" in
        cot)
            opts="-v -q -h -V --verbose --quiet --help --version new migration cli help"
            if [[ ${cur} == -* || ${COMP_CWORD} -eq 1 ]] ; then
                COMPREPLY=( $(compgen -W "${opts}" -- "${cur}") )
                return 0
            fi
            case "${prev}" in
                *)
                    COMPREPLY=()
                    ;;
            esac
            COMPREPLY=( $(compgen -W "${opts}" -- "${cur}") )
            return 0
            ;;
        cot__cli)
            opts="-v -q -h --verbose --quiet --help manpages completions help"
            if [[ ${cur} == -* || ${COMP_CWORD} -eq 2 ]] ; then
                COMPREPLY=( $(compgen -W "${opts}" -- "${cur}") )
                return 0
            fi
            case "${prev}" in
                *)
                    COMPREPLY=()
                    ;;
            esac
            COMPREPLY=( $(compgen -W "${opts}" -- "${cur}") )
            return 0
            ;;
        cot__cli__completions)
            opts="-v -q -h --verbose --quiet --help bash elvish fish powershell zsh"
            if [[ ${cur} == -* || ${COMP_CWORD} -eq 3 ]] ; then
                COMPREPLY=( $(compgen -W "${opts}" -- "${cur}") )
                return 0
            fi
            case "${prev}" in
                *)
                    COMPREPLY=()
                    ;;
            esac
            COMPREPLY=( $(compgen -W "${opts}" -- "${cur}") )
            return 0
            ;;
        cot__cli__help)
            opts="manpages completions help"
            if [[ ${cur} == -* || ${COMP_CWORD} -eq 3 ]] ; then
                COMPREPLY=( $(compgen -W "${opts}" -- "${cur}") )
                return 0
            fi
            case "${prev}" in
                *)
                    COMPREPLY=()
                    ;;
            esac
            COMPREPLY=( $(compgen -W "${opts}" -- "${cur}") )
            return 0
            ;;
        cot__cli__help__completions)
            opts=""
            if [[ ${cur} == -* || ${COMP_CWORD} -eq 4 ]] ; then
                COMPREPLY=( $(compgen -W "${opts}" -- "${cur}") )
                return 0
            fi
            case "${prev}" in
                *)
                    COMPREPLY=()
                    ;;
            esac
            COMPREPLY=( $(compgen -W "${opts}" -- "${cur}") )
            return 0
            ;;
        cot__cli__help__help)
            opts=""
            if [[ ${cur} == -* || ${COMP_CWORD} -eq 4 ]] ; then
                COMPREPLY=( $(compgen -W "${opts}" -- "${cur}") )
                return 0
            fi
            case "${prev}" in
                *)
                    COMPREPLY=()
                    ;;
            esac
            COMPREPLY=( $(compgen -W "${opts}" -- "${cur}") )
            return 0
            ;;
        cot__cli__help__manpages)
            opts=""
            if [[ ${cur} == -* || ${COMP_CWORD} -eq 4 ]] ; then
                COMPREPLY=( $(compgen -W "${opts}" -- "${cur}") )
                return 0
            fi
            case "${prev}" in
                *)
                    COMPREPLY=()
                    ;;
            esac
            COMPREPLY=( $(compgen -W "${opts}" -- "${cur}") )
            return 0
            ;;
        cot__cli__manpages)
            opts="-o -c -v -q -h --output-dir --create --verbose --quiet --help"
            if [[ ${cur} == -* || ${COMP_CWORD} -eq 3 ]] ; then
                COMPREPLY=( $(compgen -W "${opts}" -- "${cur}") )
                return 0
            fi
            case "${prev}" in
                --output-dir)
                    COMPREPLY=($(compgen -f "${cur}"))
                    return 0
                    ;;
                -o)
                    COMPREPLY=($(compgen -f "${cur}"))
                    return 0
                    ;;
                *)
                    COMPREPLY=()
                    ;;
            esac
            COMPREPLY=( $(compgen -W "${opts}" -- "${cur}") )
            return 0
            ;;
        cot__help)
            opts="new migration cli help"
            if [[ ${cur} == -* || ${COMP_CWORD} -eq 2 ]] ; then
                COMPREPLY=( $(compgen -W "${opts}" -- "${cur}") )
                return 0
            fi
            case "${prev}" in
                *)
                    COMPREPLY=()
                    ;;
            esac
            COMPREPLY=( $(compgen -W "${opts}" -- "${cur}") )
            return 0
            ;;
        cot__help__cli)
            opts="manpages completions"
            if [[ ${cur} == -* || ${COMP_CWORD} -eq 3 ]] ; then
                COMPREPLY=( $(compgen -W "${opts}" -- "${cur}") )
                return 0
            fi
            case "${prev}" in
                *)
                    COMPREPLY=()
                    ;;
            esac
            COMPREPLY=( $(compgen -W "${opts}" -- "${cur}") )
            return 0
            ;;
        cot__help__cli__completions)
            opts=""
            if [[ ${cur} == -* || ${COMP_CWORD} -eq 4 ]] ; then
                COMPREPLY=( $(compgen -W "${opts}" -- "${cur}") )
                return 0
            fi
            case "${prev}" in
                *)
                    COMPREPLY=()
                    ;;
            esac
            COMPREPLY=( $(compgen -W "${opts}" -- "${cur}") )
            return 0
            ;;
        cot__help__cli__manpages)
            opts=""
            if [[ ${cur} == -* || ${COMP_CWORD} -eq 4 ]] ; then
                COMPREPLY=( $(compgen -W "${opts}" -- "${cur}") )
                return 0
            fi
            case "${prev}" in
                *)
                    COMPREPLY=()
                    ;;
            esac
            COMPREPLY=( $(compgen -W "${opts}" -- "${cur}") )
            return 0
            ;;
        cot__help__help)
            opts=""
            if [[ ${cur} == -* || ${COMP_CWORD} -eq 3 ]] ; then
                COMPREPLY=( $(compgen -W "${opts}" -- "${cur}") )
                return 0
            fi
            case "${prev}" in
                *)
                    COMPREPLY=()
                    ;;
            esac
            COMPREPLY=( $(compgen -W "${opts}" -- "${cur}") )
            return 0
            ;;
        cot__help__migration)
            opts="list make"
            if [[ ${cur} == -* || ${COMP_CWORD} -eq 3 ]] ; then
                COMPREPLY=( $(compgen -W "${opts}" -- "${cur}") )
                return 0
            fi
            case "${prev}" in
                *)
                    COMPREPLY=()
                    ;;
            esac
            COMPREPLY=( $(compgen -W "${opts}" -- "${cur}") )
            return 0
            ;;
        cot__help__migration__list)
            opts=""
            if [[ ${cur} == -* || ${COMP_CWORD} -eq 4 ]] ; then
                COMPREPLY=( $(compgen -W "${opts}" -- "${cur}") )
                return 0
            fi
            case "${prev}" in
                *)
                    COMPREPLY=()
                    ;;
            esac
            COMPREPLY=( $(compgen -W "${opts}" -- "${cur}") )
            return 0
            ;;
        cot__help__migration__make)
            opts=""
            if [[ ${cur} == -* || ${COMP_CWORD} -eq 4 ]] ; then
                COMPREPLY=( $(compgen -W "${opts}" -- "${cur}") )
                return 0
            fi
            case "${prev}" in
                *)
                    COMPREPLY=()
                    ;;
            esac
            COMPREPLY=( $(compgen -W "${opts}" -- "${cur}") )
            return 0
            ;;
        cot__help__new)
            opts=""
            if [[ ${cur} == -* || ${COMP_CWORD} -eq 3 ]] ; then
                COMPREPLY=( $(compgen -W "${opts}" -- "${cur}") )
                return 0
            fi
            case "${prev}" in
                *)
                    COMPREPLY=()
                    ;;
            esac
            COMPREPLY=( $(compgen -W "${opts}" -- "${cur}") )
            return 0
            ;;
        cot__migration)
            opts="-v -q -h --verbose --quiet --help list make help"
            if [[ ${cur} == -* || ${COMP_CWORD} -eq 2 ]] ; then
                COMPREPLY=( $(compgen -W "${opts}" -- "${cur}") )
                return 0
            fi
            case "${prev}" in
                *)
                    COMPREPLY=()
                    ;;
            esac
            COMPREPLY=( $(compgen -W "${opts}" -- "${cur}") )
            return 0
            ;;
        cot__migration__help)
            opts="list make help"
            if [[ ${cur} == -* || ${COMP_CWORD} -eq 3 ]] ; then
                COMPREPLY=( $(compgen -W "${opts}" -- "${cur}") )
                return 0
            fi
            case "${prev}" in
                *)
                    COMPREPLY=()
                    ;;
            esac
            COMPREPLY=( $(compgen -W "${opts}" -- "${cur}") )
            return 0
            ;;
        cot__migration__help__help)
            opts=""
            if [[ ${cur} == -* || ${COMP_CWORD} -eq 4 ]] ; then
                COMPREPLY=( $(compgen -W "${opts}" -- "${cur}") )
                return 0
            fi
            case "${prev}" in
                *)
                    COMPREPLY=()
                    ;;
            esac
            COMPREPLY=( $(compgen -W "${opts}" -- "${cur}") )
            return 0
            ;;
        cot__migration__help__list)
            opts=""
            if [[ ${cur} == -* || ${COMP_CWORD} -eq 4 ]] ; then
                COMPREPLY=( $(compgen -W "${opts}" -- "${cur}") )
                return 0
            fi
            case "${prev}" in
                *)
                    COMPREPLY=()
                    ;;
            esac
            COMPREPLY=( $(compgen -W "${opts}" -- "${cur}") )
            return 0
            ;;
        cot__migration__help__make)
            opts=""
            if [[ ${cur} == -* || ${COMP_CWORD} -eq 4 ]] ; then
                COMPREPLY=( $(compgen -W "${opts}" -- "${cur}") )
                return 0
            fi
            case "${prev}" in
                *)
                    COMPREPLY=()
                    ;;
            esac
            COMPREPLY=( $(compgen -W "${opts}" -- "${cur}") )
            return 0
            ;;
        cot__migration__list)
            opts="-v -q -h --verbose --quiet --help [PATH]"
            if [[ ${cur} == -* || ${COMP_CWORD} -eq 3 ]] ; then
                COMPREPLY=( $(compgen -W "${opts}" -- "${cur}") )
                return 0
            fi
            case "${prev}" in
                *)
                    COMPREPLY=()
                    ;;
            esac
            COMPREPLY=( $(compgen -W "${opts}" -- "${cur}") )
            return 0
            ;;
        cot__migration__make)
            opts="-v -q -h --app-name --output-dir --verbose --quiet --help [PATH]"
            if [[ ${cur} == -* || ${COMP_CWORD} -eq 3 ]] ; then
                COMPREPLY=( $(compgen -W "${opts}" -- "${cur}") )
                return 0
            fi
            case "${prev}" in
                --app-name)
                    COMPREPLY=($(compgen -f "${cur}"))
                    return 0
                    ;;
                --output-dir)
                    COMPREPLY=($(compgen -f "${cur}"))
                    return 0
                    ;;
                *)
                    COMPREPLY=()
                    ;;
            esac
            COMPREPLY=( $(compgen -W "${opts}" -- "${cur}") )
            return 0
            ;;
        cot__new)
            opts="-v -q -h --name --use-git --cot-path --verbose --quiet --help <PATH>"
            if [[ ${cur} == -* || ${COMP_CWORD} -eq 2 ]] ; then
                COMPREPLY=( $(compgen -W "${opts}" -- "${cur}") )
                return 0
            fi
            case "${prev}" in
                --name)
                    COMPREPLY=($(compgen -f "${cur}"))
                    return 0
                    ;;
                --cot-path)
                    COMPREPLY=($(compgen -f "${cur}"))
                    return 0
                    ;;
                *)
                    COMPREPLY=()
                    ;;
            esac
            COMPREPLY=( $(compgen -W "${opts}" -- "${cur}") )
            return 0
            ;;
    esac
}

if [[ "${BASH_VERSINFO[0]}" -eq 4 && "${BASH_VERSINFO[1]}" -ge 4 || "${BASH_VERSINFO[0]}" -gt 4 ]]; then
    complete -F _cot -o nosort -o bashdefault -o default cot
else
    complete -F _cot -o bashdefault -o default cot
fi

----- stderr -----
